
--------------------
Storing half
Expected: af
--------------------
Loading half
Expected: af
CPU Halt Requested
