Signed integer: -1
Unsigned integer: 6
Character: A
CPU Halt Requested
